hlsl.deadFunctionMissingBody.vert
// Module Version 10000
// Generated by (magic number): 80001
// Id's are bound by 19

                              Capability Shader
               1:             ExtInstImport  "GLSL.std.450"
                              MemoryModel Logical GLSL450
                              EntryPoint Vertex 4  "main" 16
                              Source HLSL 500
                              Name 4  "main"
                              Name 16  "@entryPointOutput"
                              Decorate 16(@entryPointOutput) Location 0
               2:             TypeVoid
               3:             TypeFunction 2
               6:             TypeFloat 32
               7:             TypeVector 6(float) 4
              11:    6(float) Constant 0
              12:    7(fvec4) ConstantComposite 11 11 11 11
              15:             TypePointer Output 7(fvec4)
16(@entryPointOutput):     15(ptr) Variable Output
         4(main):           2 Function None 3
               5:             Label
                              Store 16(@entryPointOutput) 12
                              Return
                              FunctionEnd
